---
source: src/main.rs
expression: resp

---
result: dummy
number: -1337
