---
source: src/handlers/mod.rs
expression: resp.status().as_str()

---
"200"
